<?xml version="1.0" encoding="ISO-8859-1" ?>
<link_info>
   <banner>MSP430 Linker PC v20.2.2.LTS</banner>
   <copyright>Copyright (c) 2003-2018 Texas Instruments Incorporated</copyright>
   <link_time>0x61d9b195</link_time>
   <link_errors>0x0</link_errors>
   <output_file>LCD16x02-I2C-Lib-ADC.A1-IRQ.out</output_file>
   <entry_point>
      <name>_c_int00_noargs_mpu</name>
      <address>0x8054</address>
   </entry_point>
   <input_file_list>
      <input_file id="fl-2">
         <path>.\</path>
         <kind>object</kind>
         <file>ADC.obj</file>
         <name>ADC.obj</name>
      </input_file>
      <input_file id="fl-3">
         <path>.\</path>
         <kind>object</kind>
         <file>I2C.obj</file>
         <name>I2C.obj</name>
      </input_file>
      <input_file id="fl-4">
         <path>.\</path>
         <kind>object</kind>
         <file>main.obj</file>
         <name>main.obj</name>
      </input_file>
      <input_file id="fl-a">
         <kind>object</kind>
         <file>&lt;internal&gt;</file>
         <name>&lt;internal&gt;</name>
      </input_file>
      <input_file id="fl-25">
         <path>C:\ti\ccs1020\ccs\tools\compiler\ti-cgt-msp430_20.2.2.LTS\lib\</path>
         <kind>archive</kind>
         <file>rts430x_lc_sd_eabi.lib</file>
         <name>copy_decompress_lzss.c.obj</name>
      </input_file>
      <input_file id="fl-26">
         <path>C:\ti\ccs1020\ccs\tools\compiler\ti-cgt-msp430_20.2.2.LTS\lib\</path>
         <kind>archive</kind>
         <file>rts430x_lc_sd_eabi.lib</file>
         <name>copy_decompress_none.c.obj</name>
      </input_file>
      <input_file id="fl-27">
         <path>C:\ti\ccs1020\ccs\tools\compiler\ti-cgt-msp430_20.2.2.LTS\lib\</path>
         <kind>archive</kind>
         <file>rts430x_lc_sd_eabi.lib</file>
         <name>int20.asm.obj</name>
      </input_file>
      <input_file id="fl-28">
         <path>C:\ti\ccs1020\ccs\tools\compiler\ti-cgt-msp430_20.2.2.LTS\lib\</path>
         <kind>archive</kind>
         <file>rts430x_lc_sd_eabi.lib</file>
         <name>isr_trap.asm.obj</name>
      </input_file>
      <input_file id="fl-29">
         <path>C:\ti\ccs1020\ccs\tools\compiler\ti-cgt-msp430_20.2.2.LTS\lib\</path>
         <kind>archive</kind>
         <file>rts430x_lc_sd_eabi.lib</file>
         <name>int21.asm.obj</name>
      </input_file>
      <input_file id="fl-2a">
         <path>C:\ti\ccs1020\ccs\tools\compiler\ti-cgt-msp430_20.2.2.LTS\lib\</path>
         <kind>archive</kind>
         <file>rts430x_lc_sd_eabi.lib</file>
         <name>int22.asm.obj</name>
      </input_file>
      <input_file id="fl-2b">
         <path>C:\ti\ccs1020\ccs\tools\compiler\ti-cgt-msp430_20.2.2.LTS\lib\</path>
         <kind>archive</kind>
         <file>rts430x_lc_sd_eabi.lib</file>
         <name>int23.asm.obj</name>
      </input_file>
      <input_file id="fl-2c">
         <path>C:\ti\ccs1020\ccs\tools\compiler\ti-cgt-msp430_20.2.2.LTS\lib\</path>
         <kind>archive</kind>
         <file>rts430x_lc_sd_eabi.lib</file>
         <name>int24.asm.obj</name>
      </input_file>
      <input_file id="fl-2d">
         <path>C:\ti\ccs1020\ccs\tools\compiler\ti-cgt-msp430_20.2.2.LTS\lib\</path>
         <kind>archive</kind>
         <file>rts430x_lc_sd_eabi.lib</file>
         <name>int25.asm.obj</name>
      </input_file>
      <input_file id="fl-2e">
         <path>C:\ti\ccs1020\ccs\tools\compiler\ti-cgt-msp430_20.2.2.LTS\lib\</path>
         <kind>archive</kind>
         <file>rts430x_lc_sd_eabi.lib</file>
         <name>int26.asm.obj</name>
      </input_file>
      <input_file id="fl-2f">
         <path>C:\ti\ccs1020\ccs\tools\compiler\ti-cgt-msp430_20.2.2.LTS\lib\</path>
         <kind>archive</kind>
         <file>rts430x_lc_sd_eabi.lib</file>
         <name>int29.asm.obj</name>
      </input_file>
      <input_file id="fl-30">
         <path>C:\ti\ccs1020\ccs\tools\compiler\ti-cgt-msp430_20.2.2.LTS\lib\</path>
         <kind>archive</kind>
         <file>rts430x_lc_sd_eabi.lib</file>
         <name>int30.asm.obj</name>
      </input_file>
      <input_file id="fl-31">
         <path>C:\ti\ccs1020\ccs\tools\compiler\ti-cgt-msp430_20.2.2.LTS\lib\</path>
         <kind>archive</kind>
         <file>rts430x_lc_sd_eabi.lib</file>
         <name>int31.asm.obj</name>
      </input_file>
      <input_file id="fl-32">
         <path>C:\ti\ccs1020\ccs\tools\compiler\ti-cgt-msp430_20.2.2.LTS\lib\</path>
         <kind>archive</kind>
         <file>rts430x_lc_sd_eabi.lib</file>
         <name>int32.asm.obj</name>
      </input_file>
      <input_file id="fl-33">
         <path>C:\ti\ccs1020\ccs\tools\compiler\ti-cgt-msp430_20.2.2.LTS\lib\</path>
         <kind>archive</kind>
         <file>rts430x_lc_sd_eabi.lib</file>
         <name>int33.asm.obj</name>
      </input_file>
      <input_file id="fl-34">
         <path>C:\ti\ccs1020\ccs\tools\compiler\ti-cgt-msp430_20.2.2.LTS\lib\</path>
         <kind>archive</kind>
         <file>rts430x_lc_sd_eabi.lib</file>
         <name>int34.asm.obj</name>
      </input_file>
      <input_file id="fl-35">
         <path>C:\ti\ccs1020\ccs\tools\compiler\ti-cgt-msp430_20.2.2.LTS\lib\</path>
         <kind>archive</kind>
         <file>rts430x_lc_sd_eabi.lib</file>
         <name>int35.asm.obj</name>
      </input_file>
      <input_file id="fl-36">
         <path>C:\ti\ccs1020\ccs\tools\compiler\ti-cgt-msp430_20.2.2.LTS\lib\</path>
         <kind>archive</kind>
         <file>rts430x_lc_sd_eabi.lib</file>
         <name>int36.asm.obj</name>
      </input_file>
      <input_file id="fl-37">
         <path>C:\ti\ccs1020\ccs\tools\compiler\ti-cgt-msp430_20.2.2.LTS\lib\</path>
         <kind>archive</kind>
         <file>rts430x_lc_sd_eabi.lib</file>
         <name>int37.asm.obj</name>
      </input_file>
      <input_file id="fl-38">
         <path>C:\ti\ccs1020\ccs\tools\compiler\ti-cgt-msp430_20.2.2.LTS\lib\</path>
         <kind>archive</kind>
         <file>rts430x_lc_sd_eabi.lib</file>
         <name>int38.asm.obj</name>
      </input_file>
      <input_file id="fl-39">
         <path>C:\ti\ccs1020\ccs\tools\compiler\ti-cgt-msp430_20.2.2.LTS\lib\</path>
         <kind>archive</kind>
         <file>rts430x_lc_sd_eabi.lib</file>
         <name>int39.asm.obj</name>
      </input_file>
      <input_file id="fl-3a">
         <path>C:\ti\ccs1020\ccs\tools\compiler\ti-cgt-msp430_20.2.2.LTS\lib\</path>
         <kind>archive</kind>
         <file>rts430x_lc_sd_eabi.lib</file>
         <name>int40.asm.obj</name>
      </input_file>
      <input_file id="fl-3b">
         <path>C:\ti\ccs1020\ccs\tools\compiler\ti-cgt-msp430_20.2.2.LTS\lib\</path>
         <kind>archive</kind>
         <file>rts430x_lc_sd_eabi.lib</file>
         <name>int41.asm.obj</name>
      </input_file>
      <input_file id="fl-3c">
         <path>C:\ti\ccs1020\ccs\tools\compiler\ti-cgt-msp430_20.2.2.LTS\lib\</path>
         <kind>archive</kind>
         <file>rts430x_lc_sd_eabi.lib</file>
         <name>int42.asm.obj</name>
      </input_file>
      <input_file id="fl-3d">
         <path>C:\ti\ccs1020\ccs\tools\compiler\ti-cgt-msp430_20.2.2.LTS\lib\</path>
         <kind>archive</kind>
         <file>rts430x_lc_sd_eabi.lib</file>
         <name>int43.asm.obj</name>
      </input_file>
      <input_file id="fl-3e">
         <path>C:\ti\ccs1020\ccs\tools\compiler\ti-cgt-msp430_20.2.2.LTS\lib\</path>
         <kind>archive</kind>
         <file>rts430x_lc_sd_eabi.lib</file>
         <name>int44.asm.obj</name>
      </input_file>
      <input_file id="fl-3f">
         <path>C:\ti\ccs1020\ccs\tools\compiler\ti-cgt-msp430_20.2.2.LTS\lib\</path>
         <kind>archive</kind>
         <file>rts430x_lc_sd_eabi.lib</file>
         <name>int45.asm.obj</name>
      </input_file>
      <input_file id="fl-40">
         <path>C:\ti\ccs1020\ccs\tools\compiler\ti-cgt-msp430_20.2.2.LTS\lib\</path>
         <kind>archive</kind>
         <file>rts430x_lc_sd_eabi.lib</file>
         <name>copy_zero_init.c.obj</name>
      </input_file>
      <input_file id="fl-41">
         <path>C:\ti\ccs1020\ccs\tools\compiler\ti-cgt-msp430_20.2.2.LTS\lib\</path>
         <kind>archive</kind>
         <file>rts430x_lc_sd_eabi.lib</file>
         <name>cpy_util.asm.obj</name>
      </input_file>
      <input_file id="fl-42">
         <path>C:\ti\ccs1020\ccs\tools\compiler\ti-cgt-msp430_20.2.2.LTS\lib\</path>
         <kind>archive</kind>
         <file>rts430x_lc_sd_eabi.lib</file>
         <name>mult16_f5hw.asm.obj</name>
      </input_file>
      <input_file id="fl-43">
         <path>C:\ti\ccs1020\ccs\tools\compiler\ti-cgt-msp430_20.2.2.LTS\lib\</path>
         <kind>archive</kind>
         <file>rts430x_lc_sd_eabi.lib</file>
         <name>mult32_f5hw.asm.obj</name>
      </input_file>
      <input_file id="fl-44">
         <path>C:\ti\ccs1020\ccs\tools\compiler\ti-cgt-msp430_20.2.2.LTS\lib\</path>
         <kind>archive</kind>
         <file>rts430x_lc_sd_eabi.lib</file>
         <name>mult64_f5hw.asm.obj</name>
      </input_file>
      <input_file id="fl-45">
         <path>C:\ti\ccs1020\ccs\tools\compiler\ti-cgt-msp430_20.2.2.LTS\lib\</path>
         <kind>archive</kind>
         <file>rts430x_lc_sd_eabi.lib</file>
         <name>mult1632_f5hw.asm.obj</name>
      </input_file>
      <input_file id="fl-46">
         <path>C:\ti\ccs1020\ccs\tools\compiler\ti-cgt-msp430_20.2.2.LTS\lib\</path>
         <kind>archive</kind>
         <file>rts430x_lc_sd_eabi.lib</file>
         <name>mult3264_f5hw.asm.obj</name>
      </input_file>
      <input_file id="fl-47">
         <path>C:\ti\ccs1020\ccs\tools\compiler\ti-cgt-msp430_20.2.2.LTS\lib\</path>
         <kind>archive</kind>
         <file>rts430x_lc_sd_eabi.lib</file>
         <name>boot.c.obj</name>
      </input_file>
      <input_file id="fl-48">
         <path>C:\ti\ccs1020\ccs\ccs_base\msp430\lib\FR2xx\</path>
         <kind>archive</kind>
         <file>FRWP_INIT_LIB_CCS_msp430_large_code_small_data.lib</file>
         <name>frwp_init.obj</name>
      </input_file>
      <input_file id="fl-49">
         <path>C:\ti\ccs1020\ccs\tools\compiler\ti-cgt-msp430_20.2.2.LTS\lib\</path>
         <kind>archive</kind>
         <file>rts430x_lc_sd_eabi.lib</file>
         <name>args_main.c.obj</name>
      </input_file>
      <input_file id="fl-4a">
         <path>C:\ti\ccs1020\ccs\tools\compiler\ti-cgt-msp430_20.2.2.LTS\lib\</path>
         <kind>archive</kind>
         <file>rts430x_lc_sd_eabi.lib</file>
         <name>autoinit.c.obj</name>
      </input_file>
      <input_file id="fl-4b">
         <path>C:\ti\ccs1020\ccs\tools\compiler\ti-cgt-msp430_20.2.2.LTS\lib\</path>
         <kind>archive</kind>
         <file>rts430x_lc_sd_eabi.lib</file>
         <name>startup.c.obj</name>
      </input_file>
      <input_file id="fl-4c">
         <path>C:\ti\ccs1020\ccs\tools\compiler\ti-cgt-msp430_20.2.2.LTS\lib\</path>
         <kind>archive</kind>
         <file>rts430x_lc_sd_eabi.lib</file>
         <name>pre_init.c.obj</name>
      </input_file>
      <input_file id="fl-4d">
         <path>C:\ti\ccs1020\ccs\tools\compiler\ti-cgt-msp430_20.2.2.LTS\lib\</path>
         <kind>archive</kind>
         <file>rts430x_lc_sd_eabi.lib</file>
         <name>cpy_tbl.c.obj</name>
      </input_file>
      <input_file id="fl-4e">
         <path>C:\ti\ccs1020\ccs\tools\compiler\ti-cgt-msp430_20.2.2.LTS\lib\</path>
         <kind>archive</kind>
         <file>rts430x_lc_sd_eabi.lib</file>
         <name>mult16.asm.obj</name>
      </input_file>
      <input_file id="fl-4f">
         <path>C:\ti\ccs1020\ccs\tools\compiler\ti-cgt-msp430_20.2.2.LTS\lib\</path>
         <kind>archive</kind>
         <file>rts430x_lc_sd_eabi.lib</file>
         <name>exit.c.obj</name>
      </input_file>
      <input_file id="fl-50">
         <path>C:\ti\ccs1020\ccs\tools\compiler\ti-cgt-msp430_20.2.2.LTS\lib\</path>
         <kind>archive</kind>
         <file>rts430x_lc_sd_eabi.lib</file>
         <name>exit_gvars.c.obj</name>
      </input_file>
      <input_file id="fl-51">
         <path>C:\ti\ccs1020\ccs\tools\compiler\ti-cgt-msp430_20.2.2.LTS\lib\</path>
         <kind>archive</kind>
         <file>rts430x_lc_sd_eabi.lib</file>
         <name>_lock.c.obj</name>
      </input_file>
      <input_file id="fl-52">
         <path>C:\ti\ccs1020\ccs\tools\compiler\ti-cgt-msp430_20.2.2.LTS\lib\</path>
         <kind>archive</kind>
         <file>rts430x_lc_sd_eabi.lib</file>
         <name>memcpy.c.obj</name>
      </input_file>
      <input_file id="fl-53">
         <path>C:\ti\ccs1020\ccs\tools\compiler\ti-cgt-msp430_20.2.2.LTS\lib\</path>
         <kind>archive</kind>
         <file>rts430x_lc_sd_eabi.lib</file>
         <name>sprintf.c.obj</name>
      </input_file>
      <input_file id="fl-54">
         <path>C:\ti\ccs1020\ccs\tools\compiler\ti-cgt-msp430_20.2.2.LTS\lib\</path>
         <kind>archive</kind>
         <file>rts430x_lc_sd_eabi.lib</file>
         <name>_printfi_min.c.obj</name>
      </input_file>
      <input_file id="fl-55">
         <path>C:\ti\ccs1020\ccs\tools\compiler\ti-cgt-msp430_20.2.2.LTS\lib\</path>
         <kind>archive</kind>
         <file>rts430x_lc_sd_eabi.lib</file>
         <name>div16u.asm.obj</name>
      </input_file>
      <input_file id="fl-56">
         <path>C:\ti\ccs1020\ccs\tools\compiler\ti-cgt-msp430_20.2.2.LTS\lib\</path>
         <kind>archive</kind>
         <file>rts430x_lc_sd_eabi.lib</file>
         <name>lsr64.c.obj</name>
      </input_file>
      <input_file id="fl-57">
         <path>C:\ti\ccs1020\ccs\tools\compiler\ti-cgt-msp430_20.2.2.LTS\lib\</path>
         <kind>archive</kind>
         <file>rts430x_lc_sd_eabi.lib</file>
         <name>memccpy.c.obj</name>
      </input_file>
      <input_file id="fl-58">
         <path>C:\ti\ccs1020\ccs\tools\compiler\ti-cgt-msp430_20.2.2.LTS\lib\</path>
         <kind>archive</kind>
         <file>rts430x_lc_sd_eabi.lib</file>
         <name>memset.c.obj</name>
      </input_file>
      <input_file id="fl-59">
         <path>C:\ti\ccs1020\ccs\tools\compiler\ti-cgt-msp430_20.2.2.LTS\lib\</path>
         <kind>archive</kind>
         <file>rts430x_lc_sd_eabi.lib</file>
         <name>strlen.c.obj</name>
      </input_file>
   </input_file_list>
   <object_component_list>
      <object_component id="oc-6bf">
         <name>.cinit..data.load</name>
         <load_address>0x8000</load_address>
         <run_address>0x8000</run_address>
         <size>0x1a</size>
      </object_component>
      <object_component id="oc-6bc">
         <name>__TI_handler_table</name>
         <load_address>0x801a</load_address>
         <run_address>0x801a</run_address>
         <size>0xc</size>
      </object_component>
      <object_component id="oc-6be">
         <name>.cinit..bss.load</name>
         <load_address>0x8026</load_address>
         <run_address>0x8026</run_address>
         <size>0x6</size>
      </object_component>
      <object_component id="oc-6bd">
         <name>__TI_cinit_table</name>
         <load_address>0x802c</load_address>
         <run_address>0x802c</run_address>
         <size>0x10</size>
      </object_component>
      <object_component id="oc-65b">
         <name>.binit</name>
         <load_address>0x803c</load_address>
         <run_address>0x803c</run_address>
         <size>0x0</size>
      </object_component>
      <object_component id="oc-623">
         <name>.const:.string</name>
         <load_address>0x803c</load_address>
         <run_address>0x803c</run_address>
         <size>0x14</size>
         <input_file_ref idref="fl-54"/>
      </object_component>
      <object_component id="oc-50f">
         <name>.const:.string</name>
         <load_address>0x8050</load_address>
         <run_address>0x8050</run_address>
         <size>0x4</size>
         <input_file_ref idref="fl-4"/>
      </object_component>
      <object_component id="oc-490">
         <name>.text:_isr:_c_int00_noargs_mpu</name>
         <load_address>0x8054</load_address>
         <run_address>0x8054</run_address>
         <size>0x20</size>
         <input_file_ref idref="fl-47"/>
      </object_component>
      <object_component id="oc-45a">
         <name>.text:_isr:ADC_ISR</name>
         <load_address>0x8074</load_address>
         <run_address>0x8074</run_address>
         <size>0xe</size>
         <input_file_ref idref="fl-2"/>
      </object_component>
      <object_component id="oc-460">
         <name>.text:_isr:EUSCI_B1_I2C_ISR</name>
         <load_address>0x8082</load_address>
         <run_address>0x8082</run_address>
         <size>0xe</size>
         <input_file_ref idref="fl-3"/>
      </object_component>
      <object_component id="oc-455">
         <name>.text:_isr:__TI_ISR_TRAP</name>
         <load_address>0x8090</load_address>
         <run_address>0x8090</run_address>
         <size>0x8</size>
         <input_file_ref idref="fl-28"/>
      </object_component>
      <object_component id="oc-5d8">
         <name>.text:_setfield</name>
         <load_address>0x10000</load_address>
         <run_address>0x10000</run_address>
         <size>0x10e</size>
         <input_file_ref idref="fl-54"/>
      </object_component>
      <object_component id="oc-69">
         <name>.text:decompress:lzss:__TI_decompress_lzss</name>
         <load_address>0x1010e</load_address>
         <run_address>0x1010e</run_address>
         <size>0xee</size>
         <input_file_ref idref="fl-25"/>
      </object_component>
      <object_component id="oc-58a">
         <name>.text:__TI_printfi_minimal</name>
         <load_address>0x101fc</load_address>
         <run_address>0x101fc</run_address>
         <size>0xe2</size>
         <input_file_ref idref="fl-54"/>
      </object_component>
      <object_component id="oc-624">
         <name>.text:_pproc_diouxp</name>
         <load_address>0x102de</load_address>
         <run_address>0x102de</run_address>
         <size>0xc4</size>
         <input_file_ref idref="fl-54"/>
      </object_component>
      <object_component id="oc-4c4">
         <name>.text:main</name>
         <load_address>0x103a2</load_address>
         <run_address>0x103a2</run_address>
         <size>0x8a</size>
         <input_file_ref idref="fl-4"/>
      </object_component>
      <object_component id="oc-562">
         <name>.text:send_LCD_nibble_I2C</name>
         <load_address>0x1042c</load_address>
         <run_address>0x1042c</run_address>
         <size>0x8a</size>
         <input_file_ref idref="fl-3"/>
      </object_component>
      <object_component id="oc-53c">
         <name>.text:__TI_auto_init_nobinit_nopinit_hold_wdt:__TI_auto_init_nobinit_nopinit_hold_wdt</name>
         <load_address>0x104b6</load_address>
         <run_address>0x104b6</run_address>
         <size>0x6a</size>
         <input_file_ref idref="fl-4a"/>
      </object_component>
      <object_component id="oc-4f7">
         <name>.text:start_LCD_I2C</name>
         <load_address>0x10520</load_address>
         <run_address>0x10520</run_address>
         <size>0x66</size>
         <input_file_ref idref="fl-3"/>
      </object_component>
      <object_component id="oc-4f1">
         <name>.text:start_I2C_B1</name>
         <load_address>0x10586</load_address>
         <run_address>0x10586</run_address>
         <size>0x50</size>
         <input_file_ref idref="fl-3"/>
      </object_component>
      <object_component id="oc-56b">
         <name>.text:send_LCD_byte_I2C</name>
         <load_address>0x105d6</load_address>
         <run_address>0x105d6</run_address>
         <size>0x44</size>
         <input_file_ref idref="fl-3"/>
      </object_component>
      <object_component id="oc-506">
         <name>.text:send_LCD_text_I2C</name>
         <load_address>0x1061a</load_address>
         <run_address>0x1061a</run_address>
         <size>0x44</size>
         <input_file_ref idref="fl-3"/>
      </object_component>
      <object_component id="oc-449">
         <name>.text:__memcpy_far</name>
         <load_address>0x1065e</load_address>
         <run_address>0x1065e</run_address>
         <size>0x40</size>
         <input_file_ref idref="fl-41"/>
      </object_component>
      <object_component id="oc-4fd">
         <name>.text:start_ADC</name>
         <load_address>0x1069e</load_address>
         <run_address>0x1069e</run_address>
         <size>0x40</size>
         <input_file_ref idref="fl-2"/>
      </object_component>
      <object_component id="oc-466">
         <name>.text:decompress:ZI:__TI_zero_init_nomemset:__TI_zero_init_nomemset</name>
         <load_address>0x106de</load_address>
         <run_address>0x106de</run_address>
         <size>0x3e</size>
         <input_file_ref idref="fl-40"/>
      </object_component>
      <object_component id="oc-4d6">
         <name>.text:__mpu_init</name>
         <load_address>0x1071c</load_address>
         <run_address>0x1071c</run_address>
         <size>0x3c</size>
         <input_file_ref idref="fl-48"/>
      </object_component>
      <object_component id="oc-6f">
         <name>.text:decompress:none:__TI_decompress_none</name>
         <load_address>0x10758</load_address>
         <run_address>0x10758</run_address>
         <size>0x3c</size>
         <input_file_ref idref="fl-26"/>
      </object_component>
      <object_component id="oc-511">
         <name>.text:sprintf</name>
         <load_address>0x10794</load_address>
         <run_address>0x10794</run_address>
         <size>0x38</size>
         <input_file_ref idref="fl-53"/>
      </object_component>
      <object_component id="oc-62a">
         <name>.text:memccpy</name>
         <load_address>0x107cc</load_address>
         <run_address>0x107cc</run_address>
         <size>0x22</size>
         <input_file_ref idref="fl-57"/>
      </object_component>
      <object_component id="oc-57e">
         <name>.text:_outs</name>
         <load_address>0x107ee</load_address>
         <run_address>0x107ee</run_address>
         <size>0x18</size>
         <input_file_ref idref="fl-53"/>
      </object_component>
      <object_component id="oc-60d">
         <name>.text</name>
         <load_address>0x10806</load_address>
         <run_address>0x10806</run_address>
         <size>0x18</size>
         <input_file_ref idref="fl-42"/>
      </object_component>
      <object_component id="oc-649">
         <name>.text</name>
         <load_address>0x1081e</load_address>
         <run_address>0x1081e</run_address>
         <size>0x16</size>
         <input_file_ref idref="fl-55"/>
      </object_component>
      <object_component id="oc-61d">
         <name>.text:memset</name>
         <load_address>0x10834</load_address>
         <run_address>0x10834</run_address>
         <size>0x14</size>
         <input_file_ref idref="fl-58"/>
      </object_component>
      <object_component id="oc-584">
         <name>.text:_outc</name>
         <load_address>0x10848</load_address>
         <run_address>0x10848</run_address>
         <size>0x12</size>
         <input_file_ref idref="fl-53"/>
      </object_component>
      <object_component id="oc-5d0">
         <name>.text:memcpy</name>
         <load_address>0x1085a</load_address>
         <run_address>0x1085a</run_address>
         <size>0x12</size>
         <input_file_ref idref="fl-52"/>
      </object_component>
      <object_component id="oc-575">
         <name>.text:strlen</name>
         <load_address>0x1086c</load_address>
         <run_address>0x1086c</run_address>
         <size>0xe</size>
         <input_file_ref idref="fl-59"/>
      </object_component>
      <object_component id="oc-518">
         <name>.text:abort</name>
         <load_address>0x1087a</load_address>
         <run_address>0x1087a</run_address>
         <size>0x6</size>
         <input_file_ref idref="fl-4f"/>
      </object_component>
      <object_component id="oc-4be">
         <name>.text:_system_pre_init</name>
         <load_address>0x10880</load_address>
         <run_address>0x10880</run_address>
         <size>0x4</size>
         <input_file_ref idref="fl-4c"/>
      </object_component>
      <object_component id="oc-5a4">
         <name>.text:_system_post_cinit</name>
         <load_address>0x10884</load_address>
         <run_address>0x10884</run_address>
         <size>0x2</size>
         <input_file_ref idref="fl-4b"/>
      </object_component>
      <object_component id="oc-4ad">
         <name>.common:ADC_value</name>
         <uninitialized>true</uninitialized>
         <run_address>0x202e</run_address>
         <size>0x2</size>
      </object_component>
      <object_component id="oc-568">
         <name>.common:i</name>
         <uninitialized>true</uninitialized>
         <run_address>0x2030</run_address>
         <size>0x2</size>
      </object_component>
      <object_component id="oc-510">
         <name>.common:text3</name>
         <uninitialized>true</uninitialized>
         <run_address>0x2024</run_address>
         <size>0xa</size>
      </object_component>
      <object_component id="oc-4b3">
         <name>.data</name>
         <load_address>0x2011</load_address>
         <run_address>0x2011</run_address>
         <size>0x1</size>
         <input_file_ref idref="fl-3"/>
      </object_component>
      <object_component id="oc-503">
         <name>.data:text1</name>
         <load_address>0x2000</load_address>
         <run_address>0x2000</run_address>
         <size>0x11</size>
         <input_file_ref idref="fl-4"/>
      </object_component>
      <object_component id="oc-50c">
         <name>.data:text2</name>
         <load_address>0x2012</load_address>
         <run_address>0x2012</run_address>
         <size>0x11</size>
         <input_file_ref idref="fl-4"/>
      </object_component>
      <object_component id="oc-43a">
         <name>.stack</name>
         <uninitialized>true</uninitialized>
         <run_address>0x3f60</run_address>
         <size>0x2</size>
         <input_file_ref idref="fl-47"/>
      </object_component>
      <object_component id="oc-6c0">
         <name>.stack</name>
         <uninitialized>true</uninitialized>
         <run_address>0x3f60</run_address>
         <size>0x0</size>
      </object_component>
      <object_component id="oc-75">
         <name>.int20</name>
         <load_address>0xffca</load_address>
         <run_address>0xffca</run_address>
         <size>0x2</size>
         <input_file_ref idref="fl-27"/>
      </object_component>
      <object_component id="oc-76">
         <name>.int21</name>
         <load_address>0xffcc</load_address>
         <run_address>0xffcc</run_address>
         <size>0x2</size>
         <input_file_ref idref="fl-29"/>
      </object_component>
      <object_component id="oc-77">
         <name>.int22</name>
         <load_address>0xffce</load_address>
         <run_address>0xffce</run_address>
         <size>0x2</size>
         <input_file_ref idref="fl-2a"/>
      </object_component>
      <object_component id="oc-78">
         <name>.int23</name>
         <load_address>0xffd0</load_address>
         <run_address>0xffd0</run_address>
         <size>0x2</size>
         <input_file_ref idref="fl-2b"/>
      </object_component>
      <object_component id="oc-79">
         <name>.int24</name>
         <load_address>0xffd2</load_address>
         <run_address>0xffd2</run_address>
         <size>0x2</size>
         <input_file_ref idref="fl-2c"/>
      </object_component>
      <object_component id="oc-7a">
         <name>.int25</name>
         <load_address>0xffd4</load_address>
         <run_address>0xffd4</run_address>
         <size>0x2</size>
         <input_file_ref idref="fl-2d"/>
      </object_component>
      <object_component id="oc-7b">
         <name>.int26</name>
         <load_address>0xffd6</load_address>
         <run_address>0xffd6</run_address>
         <size>0x2</size>
         <input_file_ref idref="fl-2e"/>
      </object_component>
      <object_component id="oc-7c">
         <name>.int27</name>
         <load_address>0xffd8</load_address>
         <run_address>0xffd8</run_address>
         <size>0x2</size>
         <input_file_ref idref="fl-2"/>
      </object_component>
      <object_component id="oc-7d">
         <name>.int28</name>
         <load_address>0xffda</load_address>
         <run_address>0xffda</run_address>
         <size>0x2</size>
         <input_file_ref idref="fl-3"/>
      </object_component>
      <object_component id="oc-7e">
         <name>.int29</name>
         <load_address>0xffdc</load_address>
         <run_address>0xffdc</run_address>
         <size>0x2</size>
         <input_file_ref idref="fl-2f"/>
      </object_component>
      <object_component id="oc-7f">
         <name>.int30</name>
         <load_address>0xffde</load_address>
         <run_address>0xffde</run_address>
         <size>0x2</size>
         <input_file_ref idref="fl-30"/>
      </object_component>
      <object_component id="oc-80">
         <name>.int31</name>
         <load_address>0xffe0</load_address>
         <run_address>0xffe0</run_address>
         <size>0x2</size>
         <input_file_ref idref="fl-31"/>
      </object_component>
      <object_component id="oc-81">
         <name>.int32</name>
         <load_address>0xffe2</load_address>
         <run_address>0xffe2</run_address>
         <size>0x2</size>
         <input_file_ref idref="fl-32"/>
      </object_component>
      <object_component id="oc-82">
         <name>.int33</name>
         <load_address>0xffe4</load_address>
         <run_address>0xffe4</run_address>
         <size>0x2</size>
         <input_file_ref idref="fl-33"/>
      </object_component>
      <object_component id="oc-83">
         <name>.int34</name>
         <load_address>0xffe6</load_address>
         <run_address>0xffe6</run_address>
         <size>0x2</size>
         <input_file_ref idref="fl-34"/>
      </object_component>
      <object_component id="oc-84">
         <name>.int35</name>
         <load_address>0xffe8</load_address>
         <run_address>0xffe8</run_address>
         <size>0x2</size>
         <input_file_ref idref="fl-35"/>
      </object_component>
      <object_component id="oc-85">
         <name>.int36</name>
         <load_address>0xffea</load_address>
         <run_address>0xffea</run_address>
         <size>0x2</size>
         <input_file_ref idref="fl-36"/>
      </object_component>
      <object_component id="oc-86">
         <name>.int37</name>
         <load_address>0xffec</load_address>
         <run_address>0xffec</run_address>
         <size>0x2</size>
         <input_file_ref idref="fl-37"/>
      </object_component>
      <object_component id="oc-87">
         <name>.int38</name>
         <load_address>0xffee</load_address>
         <run_address>0xffee</run_address>
         <size>0x2</size>
         <input_file_ref idref="fl-38"/>
      </object_component>
      <object_component id="oc-88">
         <name>.int39</name>
         <load_address>0xfff0</load_address>
         <run_address>0xfff0</run_address>
         <size>0x2</size>
         <input_file_ref idref="fl-39"/>
      </object_component>
      <object_component id="oc-89">
         <name>.int40</name>
         <load_address>0xfff2</load_address>
         <run_address>0xfff2</run_address>
         <size>0x2</size>
         <input_file_ref idref="fl-3a"/>
      </object_component>
      <object_component id="oc-8a">
         <name>.int41</name>
         <load_address>0xfff4</load_address>
         <run_address>0xfff4</run_address>
         <size>0x2</size>
         <input_file_ref idref="fl-3b"/>
      </object_component>
      <object_component id="oc-8b">
         <name>.int42</name>
         <load_address>0xfff6</load_address>
         <run_address>0xfff6</run_address>
         <size>0x2</size>
         <input_file_ref idref="fl-3c"/>
      </object_component>
      <object_component id="oc-8c">
         <name>.int43</name>
         <load_address>0xfff8</load_address>
         <run_address>0xfff8</run_address>
         <size>0x2</size>
         <input_file_ref idref="fl-3d"/>
      </object_component>
      <object_component id="oc-8d">
         <name>.int44</name>
         <load_address>0xfffa</load_address>
         <run_address>0xfffa</run_address>
         <size>0x2</size>
         <input_file_ref idref="fl-3e"/>
      </object_component>
      <object_component id="oc-8e">
         <name>.int45</name>
         <load_address>0xfffc</load_address>
         <run_address>0xfffc</run_address>
         <size>0x2</size>
         <input_file_ref idref="fl-3f"/>
      </object_component>
      <object_component id="oc-43d">
         <name>.reset</name>
         <load_address>0xfffe</load_address>
         <run_address>0xfffe</run_address>
         <size>0x2</size>
         <input_file_ref idref="fl-47"/>
      </object_component>
      <object_component id="oc-4ae">
         <name>.debug_info</name>
         <load_address>0x0</load_address>
         <run_address>0x0</run_address>
         <size>0x273</size>
         <input_file_ref idref="fl-2"/>
      </object_component>
      <object_component id="oc-4fe">
         <name>.debug_info</name>
         <load_address>0x273</load_address>
         <run_address>0x273</run_address>
         <size>0x107</size>
         <input_file_ref idref="fl-2"/>
      </object_component>
      <object_component id="oc-45b">
         <name>.debug_info</name>
         <load_address>0x37a</load_address>
         <run_address>0x37a</run_address>
         <size>0x104</size>
         <input_file_ref idref="fl-2"/>
      </object_component>
      <object_component id="oc-444">
         <name>.debug_info</name>
         <load_address>0x47e</load_address>
         <run_address>0x47e</run_address>
         <size>0x84</size>
         <input_file_ref idref="fl-2"/>
      </object_component>
      <object_component id="oc-569">
         <name>.debug_info</name>
         <load_address>0x502</load_address>
         <run_address>0x502</run_address>
         <size>0x2cb</size>
         <input_file_ref idref="fl-3"/>
      </object_component>
      <object_component id="oc-4b4">
         <name>.debug_info</name>
         <load_address>0x7cd</load_address>
         <run_address>0x7cd</run_address>
         <size>0xe1</size>
         <input_file_ref idref="fl-3"/>
      </object_component>
      <object_component id="oc-563">
         <name>.debug_info</name>
         <load_address>0x8ae</load_address>
         <run_address>0x8ae</run_address>
         <size>0x13d</size>
         <input_file_ref idref="fl-3"/>
      </object_component>
      <object_component id="oc-56c">
         <name>.debug_info</name>
         <load_address>0x9eb</load_address>
         <run_address>0x9eb</run_address>
         <size>0x187</size>
         <input_file_ref idref="fl-3"/>
      </object_component>
      <object_component id="oc-4f8">
         <name>.debug_info</name>
         <load_address>0xb72</load_address>
         <run_address>0xb72</run_address>
         <size>0x189</size>
         <input_file_ref idref="fl-3"/>
      </object_component>
      <object_component id="oc-4f2">
         <name>.debug_info</name>
         <load_address>0xcfb</load_address>
         <run_address>0xcfb</run_address>
         <size>0x10d</size>
         <input_file_ref idref="fl-3"/>
      </object_component>
      <object_component id="oc-508">
         <name>.debug_info</name>
         <load_address>0xe08</load_address>
         <run_address>0xe08</run_address>
         <size>0x1dc</size>
         <input_file_ref idref="fl-3"/>
      </object_component>
      <object_component id="oc-462">
         <name>.debug_info</name>
         <load_address>0xfe4</load_address>
         <run_address>0xfe4</run_address>
         <size>0x116</size>
         <input_file_ref idref="fl-3"/>
      </object_component>
      <object_component id="oc-5c8">
         <name>.debug_info</name>
         <load_address>0x10fa</load_address>
         <run_address>0x10fa</run_address>
         <size>0x2c</size>
         <input_file_ref idref="fl-3"/>
      </object_component>
      <object_component id="oc-4b0">
         <name>.debug_info</name>
         <load_address>0x1126</load_address>
         <run_address>0x1126</run_address>
         <size>0x33a</size>
         <input_file_ref idref="fl-4"/>
      </object_component>
      <object_component id="oc-504">
         <name>.debug_info</name>
         <load_address>0x1460</load_address>
         <run_address>0x1460</run_address>
         <size>0xd8</size>
         <input_file_ref idref="fl-4"/>
      </object_component>
      <object_component id="oc-50d">
         <name>.debug_info</name>
         <load_address>0x1538</load_address>
         <run_address>0x1538</run_address>
         <size>0xd8</size>
         <input_file_ref idref="fl-4"/>
      </object_component>
      <object_component id="oc-4c7">
         <name>.debug_info</name>
         <load_address>0x1610</load_address>
         <run_address>0x1610</run_address>
         <size>0x18b</size>
         <input_file_ref idref="fl-4"/>
      </object_component>
      <object_component id="oc-4e9">
         <name>.debug_info</name>
         <load_address>0x179b</load_address>
         <run_address>0x179b</run_address>
         <size>0x26b</size>
         <input_file_ref idref="fl-4"/>
      </object_component>
      <object_component id="oc-55c">
         <name>.debug_info</name>
         <load_address>0x1a06</load_address>
         <run_address>0x1a06</run_address>
         <size>0x282</size>
         <input_file_ref idref="fl-4"/>
      </object_component>
      <object_component id="oc-5e0">
         <name>.debug_info</name>
         <load_address>0x1c88</load_address>
         <run_address>0x1c88</run_address>
         <size>0x2c</size>
         <input_file_ref idref="fl-4"/>
      </object_component>
      <object_component id="oc-6b">
         <name>.debug_info</name>
         <load_address>0x1cb4</load_address>
         <run_address>0x1cb4</run_address>
         <size>0x2b8</size>
         <input_file_ref idref="fl-25"/>
      </object_component>
      <object_component id="oc-4e0">
         <name>.debug_info</name>
         <load_address>0x1f6c</load_address>
         <run_address>0x1f6c</run_address>
         <size>0x46</size>
         <input_file_ref idref="fl-25"/>
      </object_component>
      <object_component id="oc-4a4">
         <name>.debug_info</name>
         <load_address>0x1fb2</load_address>
         <run_address>0x1fb2</run_address>
         <size>0x39</size>
         <input_file_ref idref="fl-25"/>
      </object_component>
      <object_component id="oc-43f">
         <name>.debug_info</name>
         <load_address>0x1feb</load_address>
         <run_address>0x1feb</run_address>
         <size>0x60</size>
         <input_file_ref idref="fl-25"/>
      </object_component>
      <object_component id="oc-454">
         <name>.debug_info</name>
         <load_address>0x204b</load_address>
         <run_address>0x204b</run_address>
         <size>0x1da</size>
         <input_file_ref idref="fl-26"/>
      </object_component>
      <object_component id="oc-73">
         <name>.debug_info</name>
         <load_address>0x2225</load_address>
         <run_address>0x2225</run_address>
         <size>0x1f2</size>
         <input_file_ref idref="fl-26"/>
      </object_component>
      <object_component id="oc-44f">
         <name>.debug_info</name>
         <load_address>0x2417</load_address>
         <run_address>0x2417</run_address>
         <size>0x46</size>
         <input_file_ref idref="fl-26"/>
      </object_component>
      <object_component id="oc-456">
         <name>.debug_info</name>
         <load_address>0x245d</load_address>
         <run_address>0x245d</run_address>
         <size>0x10f</size>
         <input_file_ref idref="fl-28"/>
      </object_component>
      <object_component id="oc-469">
         <name>.debug_info</name>
         <load_address>0x256c</load_address>
         <run_address>0x256c</run_address>
         <size>0x1d3</size>
         <input_file_ref idref="fl-40"/>
      </object_component>
      <object_component id="oc-4b8">
         <name>.debug_info</name>
         <load_address>0x273f</load_address>
         <run_address>0x273f</run_address>
         <size>0x46</size>
         <input_file_ref idref="fl-40"/>
      </object_component>
      <object_component id="oc-44a">
         <name>.debug_info</name>
         <load_address>0x2785</load_address>
         <run_address>0x2785</run_address>
         <size>0x121</size>
         <input_file_ref idref="fl-41"/>
      </object_component>
      <object_component id="oc-60e">
         <name>.debug_info</name>
         <load_address>0x28a6</load_address>
         <run_address>0x28a6</run_address>
         <size>0x130</size>
         <input_file_ref idref="fl-42"/>
      </object_component>
      <object_component id="oc-43b">
         <name>.debug_info</name>
         <load_address>0x29d6</load_address>
         <run_address>0x29d6</run_address>
         <size>0x100</size>
         <input_file_ref idref="fl-47"/>
      </object_component>
      <object_component id="oc-493">
         <name>.debug_info</name>
         <load_address>0x2ad6</load_address>
         <run_address>0x2ad6</run_address>
         <size>0x193</size>
         <input_file_ref idref="fl-47"/>
      </object_component>
      <object_component id="oc-4d7">
         <name>.debug_info</name>
         <load_address>0x2c69</load_address>
         <run_address>0x2c69</run_address>
         <size>0x1ae</size>
         <input_file_ref idref="fl-48"/>
      </object_component>
      <object_component id="oc-557">
         <name>.debug_info</name>
         <load_address>0x2e17</load_address>
         <run_address>0x2e17</run_address>
         <size>0x18b</size>
         <input_file_ref idref="fl-48"/>
      </object_component>
      <object_component id="oc-5ab">
         <name>.debug_info</name>
         <load_address>0x2fa2</load_address>
         <run_address>0x2fa2</run_address>
         <size>0x409</size>
         <input_file_ref idref="fl-4a"/>
      </object_component>
      <object_component id="oc-53d">
         <name>.debug_info</name>
         <load_address>0x33ab</load_address>
         <run_address>0x33ab</run_address>
         <size>0x216</size>
         <input_file_ref idref="fl-4a"/>
      </object_component>
      <object_component id="oc-603">
         <name>.debug_info</name>
         <load_address>0x35c1</load_address>
         <run_address>0x35c1</run_address>
         <size>0x39</size>
         <input_file_ref idref="fl-4a"/>
      </object_component>
      <object_component id="oc-614">
         <name>.debug_info</name>
         <load_address>0x35fa</load_address>
         <run_address>0x35fa</run_address>
         <size>0x2c</size>
         <input_file_ref idref="fl-4a"/>
      </object_component>
      <object_component id="oc-5b6">
         <name>.debug_info</name>
         <load_address>0x3626</load_address>
         <run_address>0x3626</run_address>
         <size>0x2c</size>
         <input_file_ref idref="fl-4a"/>
      </object_component>
      <object_component id="oc-608">
         <name>.debug_info</name>
         <load_address>0x3652</load_address>
         <run_address>0x3652</run_address>
         <size>0xcd</size>
         <input_file_ref idref="fl-4a"/>
      </object_component>
      <object_component id="oc-5a5">
         <name>.debug_info</name>
         <load_address>0x371f</load_address>
         <run_address>0x371f</run_address>
         <size>0x150</size>
         <input_file_ref idref="fl-4b"/>
      </object_component>
      <object_component id="oc-4c0">
         <name>.debug_info</name>
         <load_address>0x386f</load_address>
         <run_address>0x386f</run_address>
         <size>0x153</size>
         <input_file_ref idref="fl-4c"/>
      </object_component>
      <object_component id="oc-519">
         <name>.debug_info</name>
         <load_address>0x39c2</load_address>
         <run_address>0x39c2</run_address>
         <size>0x122</size>
         <input_file_ref idref="fl-4f"/>
      </object_component>
      <object_component id="oc-61c">
         <name>.debug_info</name>
         <load_address>0x3ae4</load_address>
         <run_address>0x3ae4</run_address>
         <size>0x181</size>
         <input_file_ref idref="fl-52"/>
      </object_component>
      <object_component id="oc-5d3">
         <name>.debug_info</name>
         <load_address>0x3c65</load_address>
         <run_address>0x3c65</run_address>
         <size>0x17a</size>
         <input_file_ref idref="fl-52"/>
      </object_component>
      <object_component id="oc-591">
         <name>.debug_info</name>
         <load_address>0x3ddf</load_address>
         <run_address>0x3ddf</run_address>
         <size>0x20b</size>
         <input_file_ref idref="fl-53"/>
      </object_component>
      <object_component id="oc-513">
         <name>.debug_info</name>
         <load_address>0x3fea</load_address>
         <run_address>0x3fea</run_address>
         <size>0x1c2</size>
         <input_file_ref idref="fl-53"/>
      </object_component>
      <object_component id="oc-580">
         <name>.debug_info</name>
         <load_address>0x41ac</load_address>
         <run_address>0x41ac</run_address>
         <size>0x198</size>
         <input_file_ref idref="fl-53"/>
      </object_component>
      <object_component id="oc-587">
         <name>.debug_info</name>
         <load_address>0x4344</load_address>
         <run_address>0x4344</run_address>
         <size>0x16d</size>
         <input_file_ref idref="fl-53"/>
      </object_component>
      <object_component id="oc-633">
         <name>.debug_info</name>
         <load_address>0x44b1</load_address>
         <run_address>0x44b1</run_address>
         <size>0x2c</size>
         <input_file_ref idref="fl-53"/>
      </object_component>
      <object_component id="oc-5df">
         <name>.debug_info</name>
         <load_address>0x44dd</load_address>
         <run_address>0x44dd</run_address>
         <size>0x2dd</size>
         <input_file_ref idref="fl-54"/>
      </object_component>
      <object_component id="oc-626">
         <name>.debug_info</name>
         <load_address>0x47ba</load_address>
         <run_address>0x47ba</run_address>
         <size>0x29b</size>
         <input_file_ref idref="fl-54"/>
      </object_component>
      <object_component id="oc-5da">
         <name>.debug_info</name>
         <load_address>0x4a55</load_address>
         <run_address>0x4a55</run_address>
         <size>0x28f</size>
         <input_file_ref idref="fl-54"/>
      </object_component>
      <object_component id="oc-58b">
         <name>.debug_info</name>
         <load_address>0x4ce4</load_address>
         <run_address>0x4ce4</run_address>
         <size>0x317</size>
         <input_file_ref idref="fl-54"/>
      </object_component>
      <object_component id="oc-5e5">
         <name>.debug_info</name>
         <load_address>0x4ffb</load_address>
         <run_address>0x4ffb</run_address>
         <size>0x86</size>
         <input_file_ref idref="fl-54"/>
      </object_component>
      <object_component id="oc-64f">
         <name>.debug_info</name>
         <load_address>0x5081</load_address>
         <run_address>0x5081</run_address>
         <size>0x39</size>
         <input_file_ref idref="fl-54"/>
      </object_component>
      <object_component id="oc-64b">
         <name>.debug_info</name>
         <load_address>0x50ba</load_address>
         <run_address>0x50ba</run_address>
         <size>0x121</size>
         <input_file_ref idref="fl-55"/>
      </object_component>
      <object_component id="oc-655">
         <name>.debug_info</name>
         <load_address>0x51db</load_address>
         <run_address>0x51db</run_address>
         <size>0x17f</size>
         <input_file_ref idref="fl-57"/>
      </object_component>
      <object_component id="oc-62c">
         <name>.debug_info</name>
         <load_address>0x535a</load_address>
         <run_address>0x535a</run_address>
         <size>0x1b8</size>
         <input_file_ref idref="fl-57"/>
      </object_component>
      <object_component id="oc-648">
         <name>.debug_info</name>
         <load_address>0x5512</load_address>
         <run_address>0x5512</run_address>
         <size>0x16d</size>
         <input_file_ref idref="fl-58"/>
      </object_component>
      <object_component id="oc-61e">
         <name>.debug_info</name>
         <load_address>0x567f</load_address>
         <run_address>0x567f</run_address>
         <size>0x275</size>
         <input_file_ref idref="fl-58"/>
      </object_component>
      <object_component id="oc-5cf">
         <name>.debug_info</name>
         <load_address>0x58f4</load_address>
         <run_address>0x58f4</run_address>
         <size>0x162</size>
         <input_file_ref idref="fl-59"/>
      </object_component>
      <object_component id="oc-576">
         <name>.debug_info</name>
         <load_address>0x5a56</load_address>
         <run_address>0x5a56</run_address>
         <size>0x230</size>
         <input_file_ref idref="fl-59"/>
      </object_component>
      <object_component id="oc-6c2">
         <name>.debug_info</name>
         <load_address>0x5c86</load_address>
         <run_address>0x5c86</run_address>
         <size>0xad</size>
      </object_component>
      <object_component id="oc-4e6">
         <name>.debug_line</name>
         <load_address>0x0</load_address>
         <run_address>0x0</run_address>
         <size>0x68</size>
         <input_file_ref idref="fl-2"/>
      </object_component>
      <object_component id="oc-501">
         <name>.debug_line</name>
         <load_address>0x68</load_address>
         <run_address>0x68</run_address>
         <size>0x48</size>
         <input_file_ref idref="fl-2"/>
      </object_component>
      <object_component id="oc-45f">
         <name>.debug_line</name>
         <load_address>0xb0</load_address>
         <run_address>0xb0</run_address>
         <size>0x40</size>
         <input_file_ref idref="fl-2"/>
      </object_component>
      <object_component id="oc-447">
         <name>.debug_line</name>
         <load_address>0xf0</load_address>
         <run_address>0xf0</run_address>
         <size>0x20</size>
         <input_file_ref idref="fl-2"/>
      </object_component>
      <object_component id="oc-5c7">
         <name>.debug_line</name>
         <load_address>0x110</load_address>
         <run_address>0x110</run_address>
         <size>0xb6</size>
         <input_file_ref idref="fl-3"/>
      </object_component>
      <object_component id="oc-4ef">
         <name>.debug_line</name>
         <load_address>0x1c6</load_address>
         <run_address>0x1c6</run_address>
         <size>0x2c</size>
         <input_file_ref idref="fl-3"/>
      </object_component>
      <object_component id="oc-566">
         <name>.debug_line</name>
         <load_address>0x1f2</load_address>
         <run_address>0x1f2</run_address>
         <size>0x7d</size>
         <input_file_ref idref="fl-3"/>
      </object_component>
      <object_component id="oc-570">
         <name>.debug_line</name>
         <load_address>0x26f</load_address>
         <run_address>0x26f</run_address>
         <size>0x57</size>
         <input_file_ref idref="fl-3"/>
      </object_component>
      <object_component id="oc-4fc">
         <name>.debug_line</name>
         <load_address>0x2c6</load_address>
         <run_address>0x2c6</run_address>
         <size>0x5c</size>
         <input_file_ref idref="fl-3"/>
      </object_component>
      <object_component id="oc-4f5">
         <name>.debug_line</name>
         <load_address>0x322</load_address>
         <run_address>0x322</run_address>
         <size>0x4d</size>
         <input_file_ref idref="fl-3"/>
      </object_component>
      <object_component id="oc-50b">
         <name>.debug_line</name>
         <load_address>0x36f</load_address>
         <run_address>0x36f</run_address>
         <size>0x5b</size>
         <input_file_ref idref="fl-3"/>
      </object_component>
      <object_component id="oc-465">
         <name>.debug_line</name>
         <load_address>0x3ca</load_address>
         <run_address>0x3ca</run_address>
         <size>0x3f</size>
         <input_file_ref idref="fl-3"/>
      </object_component>
      <object_component id="oc-5cb">
         <name>.debug_line</name>
         <load_address>0x409</load_address>
         <run_address>0x409</run_address>
         <size>0x6e</size>
         <input_file_ref idref="fl-3"/>
      </object_component>
      <object_component id="oc-4e8">
         <name>.debug_line</name>
         <load_address>0x477</load_address>
         <run_address>0x477</run_address>
         <size>0x13a</size>
         <input_file_ref idref="fl-4"/>
      </object_component>
      <object_component id="oc-574">
         <name>.debug_line</name>
         <load_address>0x5b1</load_address>
         <run_address>0x5b1</run_address>
         <size>0x2d</size>
         <input_file_ref idref="fl-4"/>
      </object_component>
      <object_component id="oc-57d">
         <name>.debug_line</name>
         <load_address>0x5de</load_address>
         <run_address>0x5de</run_address>
         <size>0x2d</size>
         <input_file_ref idref="fl-4"/>
      </object_component>
      <object_component id="oc-4c6">
         <name>.debug_line</name>
         <load_address>0x60b</load_address>
         <run_address>0x60b</run_address>
         <size>0x5b</size>
         <input_file_ref idref="fl-4"/>
      </object_component>
      <object_component id="oc-4ec">
         <name>.debug_line</name>
         <load_address>0x666</load_address>
         <run_address>0x666</run_address>
         <size>0x72</size>
         <input_file_ref idref="fl-4"/>
      </object_component>
      <object_component id="oc-55f">
         <name>.debug_line</name>
         <load_address>0x6d8</load_address>
         <run_address>0x6d8</run_address>
         <size>0x76</size>
         <input_file_ref idref="fl-4"/>
      </object_component>
      <object_component id="oc-5e3">
         <name>.debug_line</name>
         <load_address>0x74e</load_address>
         <run_address>0x74e</run_address>
         <size>0x6e</size>
         <input_file_ref idref="fl-4"/>
      </object_component>
      <object_component id="oc-6d">
         <name>.debug_line</name>
         <load_address>0x7bc</load_address>
         <run_address>0x7bc</run_address>
         <size>0x9d</size>
         <input_file_ref idref="fl-25"/>
      </object_component>
      <object_component id="oc-4e3">
         <name>.debug_line</name>
         <load_address>0x859</load_address>
         <run_address>0x859</run_address>
         <size>0x9a</size>
         <input_file_ref idref="fl-25"/>
      </object_component>
      <object_component id="oc-4a7">
         <name>.debug_line</name>
         <load_address>0x8f3</load_address>
         <run_address>0x8f3</run_address>
         <size>0x96</size>
         <input_file_ref idref="fl-25"/>
      </object_component>
      <object_component id="oc-442">
         <name>.debug_line</name>
         <load_address>0x989</load_address>
         <run_address>0x989</run_address>
         <size>0x3a</size>
         <input_file_ref idref="fl-25"/>
      </object_component>
      <object_component id="oc-4ab">
         <name>.debug_line</name>
         <load_address>0x9c3</load_address>
         <run_address>0x9c3</run_address>
         <size>0x3a</size>
         <input_file_ref idref="fl-26"/>
      </object_component>
      <object_component id="oc-72">
         <name>.debug_line</name>
         <load_address>0x9fd</load_address>
         <run_address>0x9fd</run_address>
         <size>0x50</size>
         <input_file_ref idref="fl-26"/>
      </object_component>
      <object_component id="oc-452">
         <name>.debug_line</name>
         <load_address>0xa4d</load_address>
         <run_address>0xa4d</run_address>
         <size>0x3a</size>
         <input_file_ref idref="fl-26"/>
      </object_component>
      <object_component id="oc-459">
         <name>.debug_line</name>
         <load_address>0xa87</load_address>
         <run_address>0xa87</run_address>
         <size>0x3d</size>
         <input_file_ref idref="fl-28"/>
      </object_component>
      <object_component id="oc-467">
         <name>.debug_line</name>
         <load_address>0xac4</load_address>
         <run_address>0xac4</run_address>
         <size>0x53</size>
         <input_file_ref idref="fl-40"/>
      </object_component>
      <object_component id="oc-4bb">
         <name>.debug_line</name>
         <load_address>0xb17</load_address>
         <run_address>0xb17</run_address>
         <size>0x34</size>
         <input_file_ref idref="fl-40"/>
      </object_component>
      <object_component id="oc-44d">
         <name>.debug_line</name>
         <load_address>0xb4b</load_address>
         <run_address>0xb4b</run_address>
         <size>0x52</size>
         <input_file_ref idref="fl-41"/>
      </object_component>
      <object_component id="oc-611">
         <name>.debug_line</name>
         <load_address>0xb9d</load_address>
         <run_address>0xb9d</run_address>
         <size>0x46</size>
         <input_file_ref idref="fl-42"/>
      </object_component>
      <object_component id="oc-4a3">
         <name>.debug_line</name>
         <load_address>0xbe3</load_address>
         <run_address>0xbe3</run_address>
         <size>0x2a</size>
         <input_file_ref idref="fl-47"/>
      </object_component>
      <object_component id="oc-495">
         <name>.debug_line</name>
         <load_address>0xc0d</load_address>
         <run_address>0xc0d</run_address>
         <size>0x4b</size>
         <input_file_ref idref="fl-47"/>
      </object_component>
      <object_component id="oc-4da">
         <name>.debug_line</name>
         <load_address>0xc58</load_address>
         <run_address>0xc58</run_address>
         <size>0x49</size>
         <input_file_ref idref="fl-48"/>
      </object_component>
      <object_component id="oc-55a">
         <name>.debug_line</name>
         <load_address>0xca1</load_address>
         <run_address>0xca1</run_address>
         <size>0x71</size>
         <input_file_ref idref="fl-48"/>
      </object_component>
      <object_component id="oc-602">
         <name>.debug_line</name>
         <load_address>0xd12</load_address>
         <run_address>0xd12</run_address>
         <size>0xbf</size>
         <input_file_ref idref="fl-4a"/>
      </object_component>
      <object_component id="oc-540">
         <name>.debug_line</name>
         <load_address>0xdd1</load_address>
         <run_address>0xdd1</run_address>
         <size>0x85</size>
         <input_file_ref idref="fl-4a"/>
      </object_component>
      <object_component id="oc-606">
         <name>.debug_line</name>
         <load_address>0xe56</load_address>
         <run_address>0xe56</run_address>
         <size>0x2e</size>
         <input_file_ref idref="fl-4a"/>
      </object_component>
      <object_component id="oc-617">
         <name>.debug_line</name>
         <load_address>0xe84</load_address>
         <run_address>0xe84</run_address>
         <size>0x9a</size>
         <input_file_ref idref="fl-4a"/>
      </object_component>
      <object_component id="oc-5b9">
         <name>.debug_line</name>
         <load_address>0xf1e</load_address>
         <run_address>0xf1e</run_address>
         <size>0x97</size>
         <input_file_ref idref="fl-4a"/>
      </object_component>
      <object_component id="oc-60b">
         <name>.debug_line</name>
         <load_address>0xfb5</load_address>
         <run_address>0xfb5</run_address>
         <size>0x93</size>
         <input_file_ref idref="fl-4a"/>
      </object_component>
      <object_component id="oc-5a9">
         <name>.debug_line</name>
         <load_address>0x1048</load_address>
         <run_address>0x1048</run_address>
         <size>0x3a</size>
         <input_file_ref idref="fl-4b"/>
      </object_component>
      <object_component id="oc-4c3">
         <name>.debug_line</name>
         <load_address>0x1082</load_address>
         <run_address>0x1082</run_address>
         <size>0x3e</size>
         <input_file_ref idref="fl-4c"/>
      </object_component>
      <object_component id="oc-51c">
         <name>.debug_line</name>
         <load_address>0x10c0</load_address>
         <run_address>0x10c0</run_address>
         <size>0x3d</size>
         <input_file_ref idref="fl-4f"/>
      </object_component>
      <object_component id="oc-646">
         <name>.debug_line</name>
         <load_address>0x10fd</load_address>
         <run_address>0x10fd</run_address>
         <size>0x20</size>
         <input_file_ref idref="fl-52"/>
      </object_component>
      <object_component id="oc-5d5">
         <name>.debug_line</name>
         <load_address>0x111d</load_address>
         <run_address>0x111d</run_address>
         <size>0x42</size>
         <input_file_ref idref="fl-52"/>
      </object_component>
      <object_component id="oc-5eb">
         <name>.debug_line</name>
         <load_address>0x115f</load_address>
         <run_address>0x115f</run_address>
         <size>0x2d</size>
         <input_file_ref idref="fl-53"/>
      </object_component>
      <object_component id="oc-515">
         <name>.debug_line</name>
         <load_address>0x118c</load_address>
         <run_address>0x118c</run_address>
         <size>0x47</size>
         <input_file_ref idref="fl-53"/>
      </object_component>
      <object_component id="oc-582">
         <name>.debug_line</name>
         <load_address>0x11d3</load_address>
         <run_address>0x11d3</run_address>
         <size>0x42</size>
         <input_file_ref idref="fl-53"/>
      </object_component>
      <object_component id="oc-589">
         <name>.debug_line</name>
         <load_address>0x1215</load_address>
         <run_address>0x1215</run_address>
         <size>0x3d</size>
         <input_file_ref idref="fl-53"/>
      </object_component>
      <object_component id="oc-636">
         <name>.debug_line</name>
         <load_address>0x1252</load_address>
         <run_address>0x1252</run_address>
         <size>0x91</size>
         <input_file_ref idref="fl-53"/>
      </object_component>
      <object_component id="oc-632">
         <name>.debug_line</name>
         <load_address>0x12e3</load_address>
         <run_address>0x12e3</run_address>
         <size>0x92</size>
         <input_file_ref idref="fl-54"/>
      </object_component>
      <object_component id="oc-625">
         <name>.debug_line</name>
         <load_address>0x1375</load_address>
         <run_address>0x1375</run_address>
         <size>0xa5</size>
         <input_file_ref idref="fl-54"/>
      </object_component>
      <object_component id="oc-5d9">
         <name>.debug_line</name>
         <load_address>0x141a</load_address>
         <run_address>0x141a</run_address>
         <size>0x95</size>
         <input_file_ref idref="fl-54"/>
      </object_component>
      <object_component id="oc-58e">
         <name>.debug_line</name>
         <load_address>0x14af</load_address>
         <run_address>0x14af</run_address>
         <size>0x9e</size>
         <input_file_ref idref="fl-54"/>
      </object_component>
      <object_component id="oc-5e8">
         <name>.debug_line</name>
         <load_address>0x154d</load_address>
         <run_address>0x154d</run_address>
         <size>0x92</size>
         <input_file_ref idref="fl-54"/>
      </object_component>
      <object_component id="oc-652">
         <name>.debug_line</name>
         <load_address>0x15df</load_address>
         <run_address>0x15df</run_address>
         <size>0x2e</size>
         <input_file_ref idref="fl-54"/>
      </object_component>
      <object_component id="oc-64d">
         <name>.debug_line</name>
         <load_address>0x160d</load_address>
         <run_address>0x160d</run_address>
         <size>0x43</size>
         <input_file_ref idref="fl-55"/>
      </object_component>
      <object_component id="oc-65a">
         <name>.debug_line</name>
         <load_address>0x1650</load_address>
         <run_address>0x1650</run_address>
         <size>0x20</size>
         <input_file_ref idref="fl-57"/>
      </object_component>
      <object_component id="oc-62f">
         <name>.debug_line</name>
         <load_address>0x1670</load_address>
         <run_address>0x1670</run_address>
         <size>0x48</size>
         <input_file_ref idref="fl-57"/>
      </object_component>
      <object_component id="oc-657">
         <name>.debug_line</name>
         <load_address>0x16b8</load_address>
         <run_address>0x16b8</run_address>
         <size>0x20</size>
         <input_file_ref idref="fl-58"/>
      </object_component>
      <object_component id="oc-621">
         <name>.debug_line</name>
         <load_address>0x16d8</load_address>
         <run_address>0x16d8</run_address>
         <size>0xae</size>
         <input_file_ref idref="fl-58"/>
      </object_component>
      <object_component id="oc-61a">
         <name>.debug_line</name>
         <load_address>0x1786</load_address>
         <run_address>0x1786</run_address>
         <size>0x20</size>
         <input_file_ref idref="fl-59"/>
      </object_component>
      <object_component id="oc-579">
         <name>.debug_line</name>
         <load_address>0x17a6</load_address>
         <run_address>0x17a6</run_address>
         <size>0xac</size>
         <input_file_ref idref="fl-59"/>
      </object_component>
      <object_component id="oc-502">
         <name>.debug_frame</name>
         <load_address>0x0</load_address>
         <run_address>0x0</run_address>
         <size>0x3c</size>
         <input_file_ref idref="fl-2"/>
      </object_component>
      <object_component id="oc-45e">
         <name>.debug_frame</name>
         <load_address>0x3c</load_address>
         <run_address>0x3c</run_address>
         <size>0x3c</size>
         <input_file_ref idref="fl-2"/>
      </object_component>
      <object_component id="oc-567">
         <name>.debug_frame</name>
         <load_address>0x78</load_address>
         <run_address>0x78</run_address>
         <size>0x40</size>
         <input_file_ref idref="fl-3"/>
      </object_component>
      <object_component id="oc-56f">
         <name>.debug_frame</name>
         <load_address>0xb8</load_address>
         <run_address>0xb8</run_address>
         <size>0x3c</size>
         <input_file_ref idref="fl-3"/>
      </object_component>
      <object_component id="oc-4fb">
         <name>.debug_frame</name>
         <load_address>0xf4</load_address>
         <run_address>0xf4</run_address>
         <size>0x3c</size>
         <input_file_ref idref="fl-3"/>
      </object_component>
      <object_component id="oc-4f6">
         <name>.debug_frame</name>
         <load_address>0x130</load_address>
         <run_address>0x130</run_address>
         <size>0x3c</size>
         <input_file_ref idref="fl-3"/>
      </object_component>
      <object_component id="oc-507">
         <name>.debug_frame</name>
         <load_address>0x16c</load_address>
         <run_address>0x16c</run_address>
         <size>0x48</size>
         <input_file_ref idref="fl-3"/>
      </object_component>
      <object_component id="oc-461">
         <name>.debug_frame</name>
         <load_address>0x1b4</load_address>
         <run_address>0x1b4</run_address>
         <size>0x44</size>
         <input_file_ref idref="fl-3"/>
      </object_component>
      <object_component id="oc-4c5">
         <name>.debug_frame</name>
         <load_address>0x1f8</load_address>
         <run_address>0x1f8</run_address>
         <size>0x40</size>
         <input_file_ref idref="fl-4"/>
      </object_component>
      <object_component id="oc-6e">
         <name>.debug_frame</name>
         <load_address>0x238</load_address>
         <run_address>0x238</run_address>
         <size>0x6c</size>
         <input_file_ref idref="fl-25"/>
      </object_component>
      <object_component id="oc-70">
         <name>.debug_frame</name>
         <load_address>0x2a4</load_address>
         <run_address>0x2a4</run_address>
         <size>0x48</size>
         <input_file_ref idref="fl-26"/>
      </object_component>
      <object_component id="oc-468">
         <name>.debug_frame</name>
         <load_address>0x2ec</load_address>
         <run_address>0x2ec</run_address>
         <size>0x44</size>
         <input_file_ref idref="fl-40"/>
      </object_component>
      <object_component id="oc-492">
         <name>.debug_frame</name>
         <load_address>0x330</load_address>
         <run_address>0x330</run_address>
         <size>0x34</size>
         <input_file_ref idref="fl-47"/>
      </object_component>
      <object_component id="oc-4db">
         <name>.debug_frame</name>
         <load_address>0x71c</load_address>
         <run_address>0x71c</run_address>
         <size>0x3f</size>
         <input_file_ref idref="fl-48"/>
      </object_component>
      <object_component id="oc-541">
         <name>.debug_frame</name>
         <load_address>0x364</load_address>
         <run_address>0x364</run_address>
         <size>0x48</size>
         <input_file_ref idref="fl-4a"/>
      </object_component>
      <object_component id="oc-5a8">
         <name>.debug_frame</name>
         <load_address>0x3ac</load_address>
         <run_address>0x3ac</run_address>
         <size>0x3c</size>
         <input_file_ref idref="fl-4b"/>
      </object_component>
      <object_component id="oc-4bf">
         <name>.debug_frame</name>
         <load_address>0x3e8</load_address>
         <run_address>0x3e8</run_address>
         <size>0x3c</size>
         <input_file_ref idref="fl-4c"/>
      </object_component>
      <object_component id="oc-51d">
         <name>.debug_frame</name>
         <load_address>0x424</load_address>
         <run_address>0x424</run_address>
         <size>0x3c</size>
         <input_file_ref idref="fl-4f"/>
      </object_component>
      <object_component id="oc-5d2">
         <name>.debug_frame</name>
         <load_address>0x460</load_address>
         <run_address>0x460</run_address>
         <size>0x3c</size>
         <input_file_ref idref="fl-52"/>
      </object_component>
      <object_component id="oc-516">
         <name>.debug_frame</name>
         <load_address>0x49c</load_address>
         <run_address>0x49c</run_address>
         <size>0x40</size>
         <input_file_ref idref="fl-53"/>
      </object_component>
      <object_component id="oc-583">
         <name>.debug_frame</name>
         <load_address>0x4dc</load_address>
         <run_address>0x4dc</run_address>
         <size>0x48</size>
         <input_file_ref idref="fl-53"/>
      </object_component>
      <object_component id="oc-586">
         <name>.debug_frame</name>
         <load_address>0x524</load_address>
         <run_address>0x524</run_address>
         <size>0x3c</size>
         <input_file_ref idref="fl-53"/>
      </object_component>
      <object_component id="oc-629">
         <name>.debug_frame</name>
         <load_address>0x560</load_address>
         <run_address>0x560</run_address>
         <size>0x4c</size>
         <input_file_ref idref="fl-54"/>
      </object_component>
      <object_component id="oc-5dd">
         <name>.debug_frame</name>
         <load_address>0x5ac</load_address>
         <run_address>0x5ac</run_address>
         <size>0x58</size>
         <input_file_ref idref="fl-54"/>
      </object_component>
      <object_component id="oc-58f">
         <name>.debug_frame</name>
         <load_address>0x604</load_address>
         <run_address>0x604</run_address>
         <size>0x5c</size>
         <input_file_ref idref="fl-54"/>
      </object_component>
      <object_component id="oc-62b">
         <name>.debug_frame</name>
         <load_address>0x660</load_address>
         <run_address>0x660</run_address>
         <size>0x44</size>
         <input_file_ref idref="fl-57"/>
      </object_component>
      <object_component id="oc-622">
         <name>.debug_frame</name>
         <load_address>0x6a4</load_address>
         <run_address>0x6a4</run_address>
         <size>0x3c</size>
         <input_file_ref idref="fl-58"/>
      </object_component>
      <object_component id="oc-57a">
         <name>.debug_frame</name>
         <load_address>0x6e0</load_address>
         <run_address>0x6e0</run_address>
         <size>0x3c</size>
         <input_file_ref idref="fl-59"/>
      </object_component>
      <object_component id="oc-4e5">
         <name>.debug_abbrev</name>
         <load_address>0x0</load_address>
         <run_address>0x0</run_address>
         <size>0x85</size>
         <input_file_ref idref="fl-2"/>
      </object_component>
      <object_component id="oc-572">
         <name>.debug_abbrev</name>
         <load_address>0x85</load_address>
         <run_address>0x85</run_address>
         <size>0x50</size>
         <input_file_ref idref="fl-2"/>
      </object_component>
      <object_component id="oc-4b2">
         <name>.debug_abbrev</name>
         <load_address>0xd5</load_address>
         <run_address>0xd5</run_address>
         <size>0x53</size>
         <input_file_ref idref="fl-2"/>
      </object_component>
      <object_component id="oc-446">
         <name>.debug_abbrev</name>
         <load_address>0x128</load_address>
         <run_address>0x128</run_address>
         <size>0x1f</size>
         <input_file_ref idref="fl-2"/>
      </object_component>
      <object_component id="oc-5c6">
         <name>.debug_abbrev</name>
         <load_address>0x147</load_address>
         <run_address>0x147</run_address>
         <size>0x9e</size>
         <input_file_ref idref="fl-3"/>
      </object_component>
      <object_component id="oc-4ee">
         <name>.debug_abbrev</name>
         <load_address>0x1e5</load_address>
         <run_address>0x1e5</run_address>
         <size>0x29</size>
         <input_file_ref idref="fl-3"/>
      </object_component>
      <object_component id="oc-5c5">
         <name>.debug_abbrev</name>
         <load_address>0x20e</load_address>
         <run_address>0x20e</run_address>
         <size>0x6c</size>
         <input_file_ref idref="fl-3"/>
      </object_component>
      <object_component id="oc-5cd">
         <name>.debug_abbrev</name>
         <load_address>0x27a</load_address>
         <run_address>0x27a</run_address>
         <size>0x7a</size>
         <input_file_ref idref="fl-3"/>
      </object_component>
      <object_component id="oc-571">
         <name>.debug_abbrev</name>
         <load_address>0x2f4</load_address>
         <run_address>0x2f4</run_address>
         <size>0x5e</size>
         <input_file_ref idref="fl-3"/>
      </object_component>
      <object_component id="oc-561">
         <name>.debug_abbrev</name>
         <load_address>0x352</load_address>
         <run_address>0x352</run_address>
         <size>0x50</size>
         <input_file_ref idref="fl-3"/>
      </object_component>
      <object_component id="oc-57b">
         <name>.debug_abbrev</name>
         <load_address>0x3a2</load_address>
         <run_address>0x3a2</run_address>
         <size>0x7a</size>
         <input_file_ref idref="fl-3"/>
      </object_component>
      <object_component id="oc-4b6">
         <name>.debug_abbrev</name>
         <load_address>0x41c</load_address>
         <run_address>0x41c</run_address>
         <size>0x53</size>
         <input_file_ref idref="fl-3"/>
      </object_component>
      <object_component id="oc-5ca">
         <name>.debug_abbrev</name>
         <load_address>0x46f</load_address>
         <run_address>0x46f</run_address>
         <size>0x24</size>
         <input_file_ref idref="fl-3"/>
      </object_component>
      <object_component id="oc-4e7">
         <name>.debug_abbrev</name>
         <load_address>0x493</load_address>
         <run_address>0x493</run_address>
         <size>0x10d</size>
         <input_file_ref idref="fl-4"/>
      </object_component>
      <object_component id="oc-573">
         <name>.debug_abbrev</name>
         <load_address>0x5a0</load_address>
         <run_address>0x5a0</run_address>
         <size>0x29</size>
         <input_file_ref idref="fl-4"/>
      </object_component>
      <object_component id="oc-57c">
         <name>.debug_abbrev</name>
         <load_address>0x5c9</load_address>
         <run_address>0x5c9</run_address>
         <size>0x29</size>
         <input_file_ref idref="fl-4"/>
      </object_component>
      <object_component id="oc-517">
         <name>.debug_abbrev</name>
         <load_address>0x5f2</load_address>
         <run_address>0x5f2</run_address>
         <size>0x54</size>
         <input_file_ref idref="fl-4"/>
      </object_component>
      <object_component id="oc-4eb">
         <name>.debug_abbrev</name>
         <load_address>0x646</load_address>
         <run_address>0x646</run_address>
         <size>0x69</size>
         <input_file_ref idref="fl-4"/>
      </object_component>
      <object_component id="oc-55e">
         <name>.debug_abbrev</name>
         <load_address>0x6af</load_address>
         <run_address>0x6af</run_address>
         <size>0x35</size>
         <input_file_ref idref="fl-4"/>
      </object_component>
      <object_component id="oc-5e2">
         <name>.debug_abbrev</name>
         <load_address>0x6e4</load_address>
         <run_address>0x6e4</run_address>
         <size>0x24</size>
         <input_file_ref idref="fl-4"/>
      </object_component>
[...]
         <value>0x557</value>
      </symbol>
      <symbol id="sm-35d">
         <name>UCB0I2COA2</name>
         <value>0x558</value>
      </symbol>
      <symbol id="sm-35e">
         <name>UCB0I2COA2_L</name>
         <value>0x558</value>
      </symbol>
      <symbol id="sm-35f">
         <name>UCB0I2COA2_H</name>
         <value>0x559</value>
      </symbol>
      <symbol id="sm-360">
         <name>UCB0I2COA3</name>
         <value>0x55a</value>
      </symbol>
      <symbol id="sm-361">
         <name>UCB0I2COA3_L</name>
         <value>0x55a</value>
      </symbol>
      <symbol id="sm-362">
         <name>UCB0I2COA3_H</name>
         <value>0x55b</value>
      </symbol>
      <symbol id="sm-363">
         <name>UCB0ADDRX</name>
         <value>0x55c</value>
      </symbol>
      <symbol id="sm-364">
         <name>UCB0ADDRX_L</name>
         <value>0x55c</value>
      </symbol>
      <symbol id="sm-365">
         <name>UCB0ADDRX_H</name>
         <value>0x55d</value>
      </symbol>
      <symbol id="sm-366">
         <name>UCB0ADDMASK</name>
         <value>0x55e</value>
      </symbol>
      <symbol id="sm-367">
         <name>UCB0ADDMASK_L</name>
         <value>0x55e</value>
      </symbol>
      <symbol id="sm-368">
         <name>UCB0ADDMASK_H</name>
         <value>0x55f</value>
      </symbol>
      <symbol id="sm-369">
         <name>UCB0I2CSA</name>
         <value>0x560</value>
      </symbol>
      <symbol id="sm-36a">
         <name>UCB0I2CSA_L</name>
         <value>0x560</value>
      </symbol>
      <symbol id="sm-36b">
         <name>UCB0I2CSA_H</name>
         <value>0x561</value>
      </symbol>
      <symbol id="sm-36c">
         <name>UCB0IE</name>
         <value>0x56a</value>
      </symbol>
      <symbol id="sm-36d">
         <name>UCB0IE_L</name>
         <value>0x56a</value>
      </symbol>
      <symbol id="sm-36e">
         <name>UCB0IE_H</name>
         <value>0x56b</value>
      </symbol>
      <symbol id="sm-36f">
         <name>UCB0IFG</name>
         <value>0x56c</value>
      </symbol>
      <symbol id="sm-370">
         <name>UCB0IFG_L</name>
         <value>0x56c</value>
      </symbol>
      <symbol id="sm-371">
         <name>UCB0IFG_H</name>
         <value>0x56d</value>
      </symbol>
      <symbol id="sm-372">
         <name>UCB0IV</name>
         <value>0x56e</value>
      </symbol>
      <symbol id="sm-373">
         <name>UCB0IV_L</name>
         <value>0x56e</value>
      </symbol>
      <symbol id="sm-374">
         <name>UCB0IV_H</name>
         <value>0x56f</value>
      </symbol>
      <symbol id="sm-375">
         <name>UCB1CTLW0</name>
         <value>0x580</value>
      </symbol>
      <symbol id="sm-376">
         <name>UCB1CTLW0_L</name>
         <value>0x580</value>
      </symbol>
      <symbol id="sm-377">
         <name>UCB1CTLW0_H</name>
         <value>0x581</value>
      </symbol>
      <symbol id="sm-378">
         <name>UCB1CTLW1</name>
         <value>0x582</value>
      </symbol>
      <symbol id="sm-379">
         <name>UCB1CTLW1_L</name>
         <value>0x582</value>
      </symbol>
      <symbol id="sm-37a">
         <name>UCB1CTLW1_H</name>
         <value>0x583</value>
      </symbol>
      <symbol id="sm-37b">
         <name>UCB1BRW</name>
         <value>0x586</value>
      </symbol>
      <symbol id="sm-37c">
         <name>UCB1BRW_L</name>
         <value>0x586</value>
      </symbol>
      <symbol id="sm-37d">
         <name>UCB1BRW_H</name>
         <value>0x587</value>
      </symbol>
      <symbol id="sm-37e">
         <name>UCB1STATW</name>
         <value>0x588</value>
      </symbol>
      <symbol id="sm-37f">
         <name>UCB1STATW_L</name>
         <value>0x588</value>
      </symbol>
      <symbol id="sm-380">
         <name>UCB1STATW_H</name>
         <value>0x589</value>
      </symbol>
      <symbol id="sm-381">
         <name>UCB1TBCNT</name>
         <value>0x58a</value>
      </symbol>
      <symbol id="sm-382">
         <name>UCB1TBCNT_L</name>
         <value>0x58a</value>
      </symbol>
      <symbol id="sm-383">
         <name>UCB1TBCNT_H</name>
         <value>0x58b</value>
      </symbol>
      <symbol id="sm-384">
         <name>UCB1RXBUF</name>
         <value>0x58c</value>
      </symbol>
      <symbol id="sm-385">
         <name>UCB1RXBUF_L</name>
         <value>0x58c</value>
      </symbol>
      <symbol id="sm-386">
         <name>UCB1RXBUF_H</name>
         <value>0x58d</value>
      </symbol>
      <symbol id="sm-387">
         <name>UCB1TXBUF</name>
         <value>0x58e</value>
      </symbol>
      <symbol id="sm-388">
         <name>UCB1TXBUF_L</name>
         <value>0x58e</value>
      </symbol>
      <symbol id="sm-389">
         <name>UCB1TXBUF_H</name>
         <value>0x58f</value>
      </symbol>
      <symbol id="sm-38a">
         <name>UCB1I2COA0</name>
         <value>0x594</value>
      </symbol>
      <symbol id="sm-38b">
         <name>UCB1I2COA0_L</name>
         <value>0x594</value>
      </symbol>
      <symbol id="sm-38c">
         <name>UCB1I2COA0_H</name>
         <value>0x595</value>
      </symbol>
      <symbol id="sm-38d">
         <name>UCB1I2COA1</name>
         <value>0x596</value>
      </symbol>
      <symbol id="sm-38e">
         <name>UCB1I2COA1_L</name>
         <value>0x596</value>
      </symbol>
      <symbol id="sm-38f">
         <name>UCB1I2COA1_H</name>
         <value>0x597</value>
      </symbol>
      <symbol id="sm-390">
         <name>UCB1I2COA2</name>
         <value>0x598</value>
      </symbol>
      <symbol id="sm-391">
         <name>UCB1I2COA2_L</name>
         <value>0x598</value>
      </symbol>
      <symbol id="sm-392">
         <name>UCB1I2COA2_H</name>
         <value>0x599</value>
      </symbol>
      <symbol id="sm-393">
         <name>UCB1I2COA3</name>
         <value>0x59a</value>
      </symbol>
      <symbol id="sm-394">
         <name>UCB1I2COA3_L</name>
         <value>0x59a</value>
      </symbol>
      <symbol id="sm-395">
         <name>UCB1I2COA3_H</name>
         <value>0x59b</value>
      </symbol>
      <symbol id="sm-396">
         <name>UCB1ADDRX</name>
         <value>0x59c</value>
      </symbol>
      <symbol id="sm-397">
         <name>UCB1ADDRX_L</name>
         <value>0x59c</value>
      </symbol>
      <symbol id="sm-398">
         <name>UCB1ADDRX_H</name>
         <value>0x59d</value>
      </symbol>
      <symbol id="sm-399">
         <name>UCB1ADDMASK</name>
         <value>0x59e</value>
      </symbol>
      <symbol id="sm-39a">
         <name>UCB1ADDMASK_L</name>
         <value>0x59e</value>
      </symbol>
      <symbol id="sm-39b">
         <name>UCB1ADDMASK_H</name>
         <value>0x59f</value>
      </symbol>
      <symbol id="sm-39c">
         <name>UCB1I2CSA</name>
         <value>0x5a0</value>
      </symbol>
      <symbol id="sm-39d">
         <name>UCB1I2CSA_L</name>
         <value>0x5a0</value>
      </symbol>
      <symbol id="sm-39e">
         <name>UCB1I2CSA_H</name>
         <value>0x5a1</value>
      </symbol>
      <symbol id="sm-39f">
         <name>UCB1IE</name>
         <value>0x5aa</value>
      </symbol>
      <symbol id="sm-3a0">
         <name>UCB1IE_L</name>
         <value>0x5aa</value>
      </symbol>
      <symbol id="sm-3a1">
         <name>UCB1IE_H</name>
         <value>0x5ab</value>
      </symbol>
      <symbol id="sm-3a2">
         <name>UCB1IFG</name>
         <value>0x5ac</value>
      </symbol>
      <symbol id="sm-3a3">
         <name>UCB1IFG_L</name>
         <value>0x5ac</value>
      </symbol>
      <symbol id="sm-3a4">
         <name>UCB1IFG_H</name>
         <value>0x5ad</value>
      </symbol>
      <symbol id="sm-3a5">
         <name>UCB1IV</name>
         <value>0x5ae</value>
      </symbol>
      <symbol id="sm-3a6">
         <name>UCB1IV_L</name>
         <value>0x5ae</value>
      </symbol>
      <symbol id="sm-3a7">
         <name>UCB1IV_H</name>
         <value>0x5af</value>
      </symbol>
      <symbol id="sm-3a8">
         <name>fram_rw_start</name>
         <value>0x8000</value>
      </symbol>
      <symbol id="sm-3a9">
         <name>fram_rx_start</name>
         <value>0x8000</value>
      </symbol>
      <symbol id="sm-3aa">
         <name>__TI_CINIT_Base</name>
         <value>0x802c</value>
      </symbol>
      <symbol id="sm-3ab">
         <name>__TI_CINIT_Limit</name>
         <value>0x803c</value>
      </symbol>
      <symbol id="sm-3ac">
         <name>__TI_Handler_Table_Base</name>
         <value>0x801a</value>
      </symbol>
      <symbol id="sm-3ad">
         <name>__TI_Handler_Table_Limit</name>
         <value>0x8026</value>
      </symbol>
      <symbol id="sm-3ae">
         <name>__STACK_SIZE</name>
         <value>0xa0</value>
      </symbol>
      <symbol id="sm-3af">
         <name>__STACK_END</name>
         <value>0x4000</value>
      </symbol>
      <symbol id="sm-3b0">
         <name>__c_args__</name>
         <value>0xffffffff</value>
      </symbol>
      <symbol id="sm-3b1">
         <name>__TI_pprof_out_hndl</name>
         <value>0xffffffff</value>
      </symbol>
      <symbol id="sm-3b2">
         <name>__TI_prof_data_start</name>
         <value>0xffffffff</value>
      </symbol>
      <symbol id="sm-3b3">
         <name>__TI_prof_data_size</name>
         <value>0xffffffff</value>
      </symbol>
      <symbol id="sm-41d">
         <name>ADC_value</name>
         <value>0x202e</value>
      </symbol>
      <symbol id="sm-41e">
         <name>ADC_ISR</name>
         <value>0x8074</value>
         <object_component_ref idref="oc-45a"/>
      </symbol>
      <symbol id="sm-41f">
         <name>__TI_int27</name>
         <value>0xffd8</value>
         <object_component_ref idref="oc-7c"/>
      </symbol>
      <symbol id="sm-420">
         <name>start_ADC</name>
         <value>0x1069e</value>
         <object_component_ref idref="oc-4fd"/>
      </symbol>
      <symbol id="sm-473">
         <name>i</name>
         <value>0x2030</value>
      </symbol>
      <symbol id="sm-474">
         <name>send_LCD_nibble_I2C</name>
         <value>0x1042c</value>
         <object_component_ref idref="oc-562"/>
      </symbol>
      <symbol id="sm-475">
         <name>__TI_int28</name>
         <value>0xffda</value>
         <object_component_ref idref="oc-7d"/>
      </symbol>
      <symbol id="sm-476">
         <name>send_LCD_text_I2C</name>
         <value>0x1061a</value>
         <object_component_ref idref="oc-506"/>
      </symbol>
      <symbol id="sm-477">
         <name>start_LCD_I2C</name>
         <value>0x10520</value>
         <object_component_ref idref="oc-4f7"/>
      </symbol>
      <symbol id="sm-478">
         <name>LCDmessage</name>
         <value>0x2011</value>
         <object_component_ref idref="oc-4b3"/>
      </symbol>
      <symbol id="sm-479">
         <name>start_I2C_B1</name>
         <value>0x10586</value>
         <object_component_ref idref="oc-4f1"/>
      </symbol>
      <symbol id="sm-47a">
         <name>send_LCD_byte_I2C</name>
         <value>0x105d6</value>
         <object_component_ref idref="oc-56b"/>
      </symbol>
      <symbol id="sm-47b">
         <name>EUSCI_B1_I2C_ISR</name>
         <value>0x8082</value>
         <object_component_ref idref="oc-460"/>
      </symbol>
      <symbol id="sm-4a7">
         <name>text3</name>
         <value>0x2024</value>
      </symbol>
      <symbol id="sm-4a8">
         <name>main</name>
         <value>0x103a2</value>
         <object_component_ref idref="oc-4c4"/>
      </symbol>
      <symbol id="sm-4a9">
         <name>text1</name>
         <value>0x2000</value>
         <object_component_ref idref="oc-503"/>
      </symbol>
      <symbol id="sm-4aa">
         <name>text2</name>
         <value>0x2012</value>
         <object_component_ref idref="oc-50c"/>
      </symbol>
      <symbol id="sm-4cb">
         <name>__TI_decompress_lzss</name>
         <value>0x1010e</value>
         <object_component_ref idref="oc-69"/>
      </symbol>
      <symbol id="sm-4dc">
         <name>__TI_decompress_none</name>
         <value>0x10758</value>
         <object_component_ref idref="oc-6f"/>
      </symbol>
      <symbol id="sm-4df">
         <name>__TI_int20</name>
         <value>0xffca</value>
         <object_component_ref idref="oc-75"/>
      </symbol>
      <symbol id="sm-4e7">
         <name>__TI_ISR_TRAP</name>
         <value>0x8090</value>
         <object_component_ref idref="oc-455"/>
      </symbol>
      <symbol id="sm-4ea">
         <name>__TI_int21</name>
         <value>0xffcc</value>
         <object_component_ref idref="oc-76"/>
      </symbol>
      <symbol id="sm-4ed">
         <name>__TI_int22</name>
         <value>0xffce</value>
         <object_component_ref idref="oc-77"/>
      </symbol>
      <symbol id="sm-4f0">
         <name>__TI_int23</name>
         <value>0xffd0</value>
         <object_component_ref idref="oc-78"/>
      </symbol>
      <symbol id="sm-4f3">
         <name>__TI_int24</name>
         <value>0xffd2</value>
         <object_component_ref idref="oc-79"/>
      </symbol>
      <symbol id="sm-4f6">
         <name>__TI_int25</name>
         <value>0xffd4</value>
         <object_component_ref idref="oc-7a"/>
      </symbol>
      <symbol id="sm-4f9">
         <name>__TI_int26</name>
         <value>0xffd6</value>
         <object_component_ref idref="oc-7b"/>
      </symbol>
      <symbol id="sm-4fc">
         <name>__TI_int29</name>
         <value>0xffdc</value>
         <object_component_ref idref="oc-7e"/>
      </symbol>
      <symbol id="sm-4ff">
         <name>__TI_int30</name>
         <value>0xffde</value>
         <object_component_ref idref="oc-7f"/>
      </symbol>
      <symbol id="sm-502">
         <name>__TI_int31</name>
         <value>0xffe0</value>
         <object_component_ref idref="oc-80"/>
      </symbol>
      <symbol id="sm-505">
         <name>__TI_int32</name>
         <value>0xffe2</value>
         <object_component_ref idref="oc-81"/>
      </symbol>
      <symbol id="sm-508">
         <name>__TI_int33</name>
         <value>0xffe4</value>
         <object_component_ref idref="oc-82"/>
      </symbol>
      <symbol id="sm-50b">
         <name>__TI_int34</name>
         <value>0xffe6</value>
         <object_component_ref idref="oc-83"/>
      </symbol>
      <symbol id="sm-50e">
         <name>__TI_int35</name>
         <value>0xffe8</value>
         <object_component_ref idref="oc-84"/>
      </symbol>
      <symbol id="sm-511">
         <name>__TI_int36</name>
         <value>0xffea</value>
         <object_component_ref idref="oc-85"/>
      </symbol>
      <symbol id="sm-514">
         <name>__TI_int37</name>
         <value>0xffec</value>
         <object_component_ref idref="oc-86"/>
      </symbol>
      <symbol id="sm-517">
         <name>__TI_int38</name>
         <value>0xffee</value>
         <object_component_ref idref="oc-87"/>
      </symbol>
      <symbol id="sm-51a">
         <name>__TI_int39</name>
         <value>0xfff0</value>
         <object_component_ref idref="oc-88"/>
      </symbol>
      <symbol id="sm-51d">
         <name>__TI_int40</name>
         <value>0xfff2</value>
         <object_component_ref idref="oc-89"/>
      </symbol>
      <symbol id="sm-520">
         <name>__TI_int41</name>
         <value>0xfff4</value>
         <object_component_ref idref="oc-8a"/>
      </symbol>
      <symbol id="sm-523">
         <name>__TI_int42</name>
         <value>0xfff6</value>
         <object_component_ref idref="oc-8b"/>
      </symbol>
      <symbol id="sm-526">
         <name>__TI_int43</name>
         <value>0xfff8</value>
         <object_component_ref idref="oc-8c"/>
      </symbol>
      <symbol id="sm-529">
         <name>__TI_int44</name>
         <value>0xfffa</value>
         <object_component_ref idref="oc-8d"/>
      </symbol>
      <symbol id="sm-52c">
         <name>__TI_int45</name>
         <value>0xfffc</value>
         <object_component_ref idref="oc-8e"/>
      </symbol>
      <symbol id="sm-53c">
         <name>__TI_zero_init_nomemset</name>
         <value>0x106de</value>
         <object_component_ref idref="oc-466"/>
      </symbol>
      <symbol id="sm-547">
         <name>__memcpy_far</name>
         <value>0x1065e</value>
         <object_component_ref idref="oc-449"/>
      </symbol>
      <symbol id="sm-54f">
         <name>__mspabi_mpyi_f5hw</name>
         <value>0x10806</value>
         <object_component_ref idref="oc-60d"/>
      </symbol>
      <symbol id="sm-563">
         <name>_c_int00_noargs_mpu</name>
         <value>0x8054</value>
         <object_component_ref idref="oc-490"/>
      </symbol>
      <symbol id="sm-564">
         <name>_stack</name>
         <value>0x3f60</value>
         <object_component_ref idref="oc-43a"/>
      </symbol>
      <symbol id="sm-565">
         <name>_reset_vector</name>
         <value>0xfffe</value>
         <object_component_ref idref="oc-43d"/>
      </symbol>
      <symbol id="sm-573">
         <name>__mpu_init</name>
         <value>0x1071c</value>
         <object_component_ref idref="oc-4d6"/>
      </symbol>
      <symbol id="sm-596">
         <name>__TI_auto_init_nobinit_nopinit_hold_wdt</name>
         <value>0x104b6</value>
         <object_component_ref idref="oc-53c"/>
      </symbol>
      <symbol id="sm-59f">
         <name>_system_post_cinit</name>
         <value>0x10884</value>
         <object_component_ref idref="oc-5a4"/>
      </symbol>
      <symbol id="sm-5a8">
         <name>_system_pre_init</name>
         <value>0x10880</value>
         <object_component_ref idref="oc-4be"/>
      </symbol>
      <symbol id="sm-5b4">
         <name>C$$EXIT</name>
         <value>0x1087a</value>
         <object_component_ref idref="oc-518"/>
      </symbol>
      <symbol id="sm-5b5">
         <name>abort</name>
         <value>0x1087a</value>
         <object_component_ref idref="oc-518"/>
      </symbol>
      <symbol id="sm-5c5">
         <name>memcpy</name>
         <value>0x1085a</value>
         <object_component_ref idref="oc-5d0"/>
      </symbol>
      <symbol id="sm-5e6">
         <name>sprintf</name>
         <value>0x10794</value>
         <object_component_ref idref="oc-511"/>
      </symbol>
      <symbol id="sm-62f">
         <name>__TI_printfi_minimal</name>
         <value>0x101fc</value>
         <object_component_ref idref="oc-58a"/>
      </symbol>
      <symbol id="sm-639">
         <name>__mspabi_remu</name>
         <value>0x1081e</value>
         <object_component_ref idref="oc-649"/>
      </symbol>
      <symbol id="sm-63a">
         <name>__mspabi_divu</name>
         <value>0x1081e</value>
         <object_component_ref idref="oc-649"/>
      </symbol>
      <symbol id="sm-64a">
         <name>memccpy</name>
         <value>0x107cc</value>
         <object_component_ref idref="oc-62a"/>
      </symbol>
      <symbol id="sm-658">
         <name>memset</name>
         <value>0x10834</value>
         <object_component_ref idref="oc-61d"/>
      </symbol>
      <symbol id="sm-665">
         <name>strlen</name>
         <value>0x1086c</value>
         <object_component_ref idref="oc-575"/>
      </symbol>
   </symbol_table>
   <title>Link successful</title>
</link_info>
